01/01/1970 01:05:03 garbage
01/01/1970 01:31:59 garbage
01/01/1970 03:19:43 garbage
01/01/1970 03:28:08 garbage
01/01/1970 03:29:49 garbage
01/01/1970 03:58:26 garbage
01/01/1970 04:28:44 Event 2
01/01/1970 04:30:25 garbage
01/01/1970 04:42:12 garbage
01/01/1970 05:56:16 garbage
01/01/1970 06:29:56 garbage
01/01/1970 07:22:07 garbage
01/01/1970 07:30:32 garbage
01/01/1970 08:29:27 Event 2
01/01/1970 08:41:14 garbage
01/01/1970 09:51:56 garbage
01/01/1970 10:35:42 garbage
01/01/1970 11:58:11 garbage
01/01/1970 13:37:30 garbage
01/01/1970 14:02:45 garbage
01/01/1970 16:42:40 garbage
01/01/1970 16:49:24 garbage
01/01/1970 17:16:20 garbage
01/01/1970 17:23:04 garbage
01/01/1970 18:05:09 garbage
01/01/1970 18:06:50 garbage
01/01/1970 18:15:15 Event 1
01/01/1970 18:30:24 garbage
01/01/1970 21:03:35 garbage
01/01/1970 21:32:12 Event 2
01/01/1970 21:35:34 garbage
01/01/1970 23:19:56 garbage
02/01/1970 00:18:51 garbage
02/01/1970 00:59:15 garbage
02/01/1970 01:09:21 garbage
02/01/1970 01:54:48 garbage
02/01/1970 02:28:28 garbage
02/01/1970 02:40:15 garbage
02/01/1970 04:02:44 Event 1
02/01/1970 07:55:02 Event 1
02/01/1970 08:01:46 garbage
02/01/1970 08:06:49 garbage
02/01/1970 09:34:21 garbage
02/01/1970 09:52:52 garbage
02/01/1970 10:01:17 Event 2
02/01/1970 10:28:13 garbage
02/01/1970 10:29:54 garbage
02/01/1970 10:36:38 garbage
02/01/1970 11:52:23 garbage
02/01/1970 12:02:29 garbage
02/01/1970 12:42:53 garbage
02/01/1970 13:35:04 garbage
02/01/1970 13:48:32 garbage
02/01/1970 14:22:12 garbage
02/01/1970 14:42:24 garbage
02/01/1970 14:47:27 garbage
02/01/1970 15:17:45 garbage
02/01/1970 15:41:19 garbage
02/01/1970 16:01:31 garbage
02/01/1970 16:04:53 garbage
02/01/1970 16:43:36 garbage
02/01/1970 17:45:53 garbage
02/01/1970 17:54:18 garbage
02/01/1970 18:06:05 garbage
02/01/1970 18:17:52 garbage
02/01/1970 18:39:45 garbage
02/01/1970 19:05:00 garbage
02/01/1970 19:15:06 garbage
02/01/1970 20:15:42 garbage
02/01/1970 20:35:54 garbage
02/01/1970 21:23:02 garbage
02/01/1970 22:55:37 garbage
02/01/1970 23:25:55 garbage
02/01/1970 23:39:23 garbage
03/01/1970 00:55:08 garbage
03/01/1970 00:58:30 garbage
03/01/1970 01:01:52 garbage
03/01/1970 01:05:14 garbage
03/01/1970 01:47:19 garbage
03/01/1970 02:04:09 garbage
03/01/1970 02:54:39 garbage
03/01/1970 03:45:09 garbage
03/01/1970 04:23:52 garbage
03/01/1970 04:33:58 Event 2
03/01/1970 05:11:00 garbage
03/01/1970 05:31:12 garbage
03/01/1970 05:41:18 garbage
03/01/1970 08:01:01 garbage
03/01/1970 08:09:26 garbage
03/01/1970 08:48:09 garbage
03/01/1970 09:13:24 garbage
03/01/1970 09:21:49 garbage
03/01/1970 09:50:26 garbage
03/01/1970 11:23:01 garbage
03/01/1970 12:23:37 garbage
03/01/1970 12:25:18 garbage
03/01/1970 12:38:46 garbage
03/01/1970 12:42:08 garbage
03/01/1970 15:35:31 garbage
03/01/1970 16:05:49 garbage
03/01/1970 16:29:23 garbage
03/01/1970 17:29:59 garbage
03/01/1970 17:58:36 garbage
03/01/1970 18:03:39 garbage
03/01/1970 18:12:04 garbage
03/01/1970 18:20:29 garbage
03/01/1970 18:23:51 garbage
03/01/1970 18:27:13 garbage
03/01/1970 18:30:35 garbage
03/01/1970 19:56:26 garbage
03/01/1970 20:18:19 garbage
03/01/1970 20:55:21 Event 2
03/01/1970 21:13:52 garbage
03/01/1970 22:39:43 garbage
03/01/1970 23:04:58 garbage
03/01/1970 23:40:19 garbage
04/01/1970 00:02:12 garbage
04/01/1970 01:58:21 garbage
04/01/1970 02:03:24 garbage
04/01/1970 02:21:55 garbage
04/01/1970 02:30:20 garbage
04/01/1970 02:57:16 garbage
04/01/1970 02:58:57 garbage
04/01/1970 03:29:15 garbage
04/01/1970 04:06:17 garbage
04/01/1970 04:07:58 garbage
04/01/1970 04:41:38 garbage
04/01/1970 05:06:53 garbage
04/01/1970 06:41:09 garbage
04/01/1970 07:36:42 garbage
04/01/1970 07:55:13 garbage
04/01/1970 09:27:48 Event 2
04/01/1970 10:01:28 garbage
04/01/1970 10:38:30 garbage
04/01/1970 10:48:36 garbage
04/01/1970 10:51:58 Event 2
04/01/1970 11:03:45 garbage
04/01/1970 11:34:03 Event 1
04/01/1970 12:24:33 garbage
04/01/1970 12:29:36 garbage
04/01/1970 12:38:01 garbage
04/01/1970 13:31:53 garbage
04/01/1970 14:37:32 garbage
04/01/1970 15:38:08 garbage
04/01/1970 15:41:30 garbage
04/01/1970 16:00:01 garbage
04/01/1970 16:03:23 garbage
04/01/1970 16:26:57 garbage
04/01/1970 16:42:06 Event 2
04/01/1970 17:32:36 garbage
04/01/1970 17:42:42 garbage
04/01/1970 18:23:06 garbage
04/01/1970 18:43:18 garbage
04/01/1970 19:01:49 garbage
04/01/1970 19:43:54 garbage
04/01/1970 20:20:56 Event 2
04/01/1970 20:52:55 garbage
04/01/1970 21:19:51 garbage
04/01/1970 22:37:17 Event 2
04/01/1970 22:38:58 garbage
04/01/1970 23:34:31 garbage
04/01/1970 23:39:34 garbage
04/01/1970 23:59:46 garbage
05/01/1970 01:20:34 garbage
05/01/1970 01:39:05 garbage
05/01/1970 01:52:33 garbage
05/01/1970 02:00:58 garbage
05/01/1970 02:21:10 garbage
05/01/1970 02:39:41 garbage
05/01/1970 02:44:44 garbage
05/01/1970 03:04:56 garbage
05/01/1970 04:27:25 garbage
05/01/1970 04:35:50 ERROR
05/01/1970 05:24:39 ERROR
05/01/1970 05:31:23 garbage
05/01/1970 05:46:32 garbage
05/01/1970 06:45:27 garbage
05/01/1970 06:52:11 garbage
05/01/1970 07:35:57 Event 2
05/01/1970 07:44:22 garbage
05/01/1970 07:52:47 garbage
05/01/1970 09:00:07 garbage
05/01/1970 09:03:29 garbage
05/01/1970 10:12:30 garbage
05/01/1970 11:08:03 garbage
05/01/1970 12:55:47 garbage
05/01/1970 13:27:46 garbage
05/01/1970 13:59:45 garbage
05/01/1970 14:31:44 garbage
05/01/1970 14:58:40 garbage
05/01/1970 15:39:04 garbage
05/01/1970 15:42:26 garbage
05/01/1970 15:57:35 garbage
05/01/1970 16:06:00 garbage
05/01/1970 16:11:03 Event 2
05/01/1970 16:51:27 garbage
05/01/1970 17:33:32 garbage
05/01/1970 18:22:21 garbage
05/01/1970 18:47:36 garbage
05/01/1970 18:54:20 Event 2
05/01/1970 19:01:04 garbage
05/01/1970 19:09:29 garbage
05/01/1970 19:19:35 garbage
05/01/1970 19:41:28 garbage
05/01/1970 20:15:08 garbage
05/01/1970 20:45:26 garbage
05/01/1970 21:40:59 garbage
05/01/1970 22:36:32 garbage
05/01/1970 22:41:35 garbage
05/01/1970 23:25:21 garbage
05/01/1970 23:33:46 garbage
06/01/1970 00:09:07 garbage
06/01/1970 00:12:29 garbage
06/01/1970 00:17:32 garbage
06/01/1970 00:19:13 garbage
06/01/1970 00:27:38 garbage
06/01/1970 01:23:11 Event 2
06/01/1970 01:34:58 garbage
06/01/1970 02:00:13 garbage
06/01/1970 03:21:01 garbage
06/01/1970 03:32:48 garbage
06/01/1970 03:53:00 garbage
06/01/1970 04:48:33 garbage
06/01/1970 04:50:14 garbage
06/01/1970 05:20:32 garbage
06/01/1970 06:04:18 garbage
06/01/1970 06:21:08 garbage
06/01/1970 06:34:36 garbage
06/01/1970 07:04:54 garbage
06/01/1970 07:09:57 garbage
06/01/1970 07:53:43 garbage
06/01/1970 08:17:17 garbage
06/01/1970 08:49:16 garbage
06/01/1970 09:09:28 garbage
06/01/1970 11:14:02 garbage
06/01/1970 11:17:24 garbage
06/01/1970 11:35:55 garbage
06/01/1970 13:10:11 garbage
06/01/1970 13:48:54 garbage
06/01/1970 13:53:57 garbage
06/01/1970 13:57:19 garbage
06/01/1970 14:19:12 garbage
06/01/1970 15:14:45 garbage
06/01/1970 15:18:07 garbage
06/01/1970 15:31:35 garbage
06/01/1970 16:45:39 garbage
06/01/1970 16:50:42 Event 2
06/01/1970 17:05:51 Event 2
06/01/1970 18:06:27 garbage
06/01/1970 18:09:49 garbage
06/01/1970 18:13:11 garbage
06/01/1970 18:16:33 garbage
06/01/1970 18:55:16 garbage
06/01/1970 18:58:38 garbage
06/01/1970 19:12:06 garbage
06/01/1970 19:37:21 garbage
06/01/1970 20:37:57 garbage
06/01/1970 20:49:44 garbage
06/01/1970 22:35:47 Event 2
06/01/1970 22:39:09 garbage
06/01/1970 23:17:52 garbage
06/01/1970 23:49:51 garbage
07/01/1970 02:24:43 garbage
07/01/1970 02:44:55 garbage
07/01/1970 03:40:28 garbage
07/01/1970 03:52:15 garbage
07/01/1970 04:25:55 garbage
07/01/1970 05:38:18 garbage
07/01/1970 05:41:40 garbage
07/01/1970 06:30:29 garbage
07/01/1970 07:20:59 garbage
07/01/1970 07:51:17 garbage
07/01/1970 07:59:42 garbage
07/01/1970 08:04:45 garbage
07/01/1970 08:19:54 garbage
07/01/1970 08:33:22 garbage
07/01/1970 08:46:50 garbage
07/01/1970 08:50:12 garbage
07/01/1970 09:23:52 garbage
07/01/1970 10:16:03 garbage
07/01/1970 10:41:18 garbage
07/01/1970 10:54:46 garbage
07/01/1970 12:42:30 garbage
07/01/1970 13:01:01 garbage
07/01/1970 13:06:04 Event 2
07/01/1970 13:43:06 garbage
07/01/1970 13:59:56 garbage
07/01/1970 14:06:40 garbage
07/01/1970 14:26:52 garbage
07/01/1970 15:03:54 garbage
07/01/1970 16:17:58 ERROR
07/01/1970 16:23:01 garbage
07/01/1970 16:46:35 garbage
07/01/1970 16:58:22 garbage
07/01/1970 17:20:15 garbage
07/01/1970 17:48:52 garbage
07/01/1970 18:00:39 garbage
07/01/1970 18:09:04 garbage
07/01/1970 18:14:07 garbage
07/01/1970 18:19:10 garbage
07/01/1970 18:27:35 garbage
07/01/1970 20:06:54 garbage
07/01/1970 20:33:50 garbage
07/01/1970 21:39:29 garbage
07/01/1970 22:06:25 garbage
07/01/1970 22:09:47 garbage
07/01/1970 23:07:01 garbage
07/01/1970 23:20:29 Event 1
07/01/1970 23:50:47 Event 2
08/01/1970 00:02:34 garbage
08/01/1970 00:22:46 garbage
08/01/1970 00:54:45 garbage
08/01/1970 00:59:48 garbage
08/01/1970 01:03:10 garbage
08/01/1970 02:47:32 Event 2
08/01/1970 02:52:35 garbage
08/01/1970 03:29:37 garbage
08/01/1970 03:43:05 garbage
08/01/1970 04:03:17 garbage
08/01/1970 04:13:23 garbage
08/01/1970 04:15:04 garbage
08/01/1970 05:10:37 garbage
08/01/1970 07:32:01 ERROR
08/01/1970 07:32:01 garbage
08/01/1970 08:34:18 garbage
08/01/1970 08:47:46 garbage
08/01/1970 09:19:45 garbage
08/01/1970 09:24:48 garbage
08/01/1970 09:31:32 garbage
08/01/1970 09:46:41 Event 2
08/01/1970 10:05:12 garbage
08/01/1970 11:24:19 Event 2
08/01/1970 11:31:03 garbage
08/01/1970 11:51:15 garbage
08/01/1970 13:47:24 garbage
08/01/1970 13:59:11 garbage
08/01/1970 14:16:01 garbage
08/01/1970 15:14:56 garbage
08/01/1970 15:28:24 Event 2
08/01/1970 15:36:49 garbage
08/01/1970 16:15:32 garbage
08/01/1970 16:37:25 garbage
08/01/1970 16:47:31 garbage
08/01/1970 18:30:12 garbage
08/01/1970 18:55:27 garbage
08/01/1970 19:03:52 garbage
08/01/1970 20:11:12 garbage
08/01/1970 20:19:37 garbage
08/01/1970 22:32:36 garbage
08/01/1970 22:47:45 garbage
08/01/1970 22:52:48 garbage
08/01/1970 22:59:32 garbage
08/01/1970 23:36:34 garbage
09/01/1970 00:20:20 garbage
09/01/1970 00:43:54 garbage
09/01/1970 00:55:41 garbage
09/01/1970 02:21:32 Event 2
09/01/1970 02:33:19 garbage
09/01/1970 04:17:41 garbage
09/01/1970 04:24:25 garbage
09/01/1970 04:49:40 garbage
09/01/1970 04:56:24 garbage
09/01/1970 05:31:45 garbage
09/01/1970 05:36:48 garbage
09/01/1970 05:40:10 garbage
09/01/1970 06:52:33 garbage
09/01/1970 07:53:09 garbage
09/01/1970 07:56:31 garbage
09/01/1970 08:48:42 Event 2
09/01/1970 09:37:31 garbage
09/01/1970 11:13:28 garbage
09/01/1970 11:40:24 garbage
09/01/1970 12:10:42 garbage
09/01/1970 13:02:53 garbage
09/01/1970 13:11:18 Event 2
09/01/1970 13:48:20 garbage
09/01/1970 14:48:56 garbage
09/01/1970 14:50:37 garbage
09/01/1970 15:22:36 garbage
09/01/1970 15:27:39 ERROR
09/01/1970 17:01:55 garbage
09/01/1970 18:15:59 garbage
09/01/1970 18:22:43 garbage
09/01/1970 19:06:29 ERROR
09/01/1970 19:18:16 garbage
09/01/1970 19:33:25 garbage
09/01/1970 20:00:21 garbage
09/01/1970 20:13:49 ERROR
09/01/1970 20:42:26 garbage
09/01/1970 21:37:59 garbage
09/01/1970 21:46:24 garbage
09/01/1970 22:13:20 garbage
09/01/1970 22:21:45 garbage
09/01/1970 22:45:19 garbage
09/01/1970 23:24:02 garbage
09/01/1970 23:35:49 garbage
09/01/1970 23:39:11 garbage
09/01/1970 23:42:33 garbage
09/01/1970 23:54:20 garbage
10/01/1970 00:59:59 garbage
10/01/1970 01:16:49 garbage
10/01/1970 01:20:11 garbage
10/01/1970 01:50:29 garbage
10/01/1970 02:25:50 garbage
10/01/1970 03:04:33 garbage
10/01/1970 03:12:58 garbage
10/01/1970 03:31:29 garbage
10/01/1970 03:56:44 garbage
10/01/1970 04:33:46 garbage
10/01/1970 06:23:11 Event 2
10/01/1970 06:29:55 garbage
10/01/1970 07:22:06 garbage
10/01/1970 07:59:08 garbage
10/01/1970 08:09:14 garbage
10/01/1970 08:34:29 garbage
10/01/1970 08:39:32 garbage
10/01/1970 08:56:22 garbage
10/01/1970 09:21:37 garbage
10/01/1970 09:45:11 garbage
10/01/1970 09:56:58 garbage
10/01/1970 10:10:26 garbage
10/01/1970 10:40:44 garbage
10/01/1970 12:04:54 Event 2
10/01/1970 13:32:26 garbage
10/01/1970 13:35:48 garbage
10/01/1970 13:59:22 garbage
10/01/1970 14:19:34 garbage
10/01/1970 14:58:17 garbage
10/01/1970 15:33:38 garbage
10/01/1970 15:55:31 garbage
10/01/1970 17:01:10 Event 2
10/01/1970 17:06:13 garbage
10/01/1970 17:33:09 garbage
10/01/1970 18:15:14 garbage
10/01/1970 18:25:20 Event 2
10/01/1970 18:30:23 garbage
10/01/1970 18:55:38 garbage
10/01/1970 20:33:16 garbage
10/01/1970 21:35:33 ERROR
10/01/1970 21:38:55 Event 1
10/01/1970 21:55:45 garbage
10/01/1970 22:15:57 garbage
10/01/1970 22:22:41 garbage
10/01/1970 22:27:44 garbage
10/01/1970 23:13:11 garbage
10/01/1970 23:18:14 garbage
11/01/1970 01:04:17 garbage
11/01/1970 01:14:23 garbage
11/01/1970 01:36:16 garbage
11/01/1970 03:17:16 garbage
11/01/1970 03:52:37 garbage
11/01/1970 05:40:21 garbage
11/01/1970 06:19:04 garbage
11/01/1970 06:24:07 garbage
11/01/1970 07:33:08 garbage
11/01/1970 07:41:33 garbage
11/01/1970 07:43:14 garbage
11/01/1970 07:44:55 garbage
11/01/1970 07:55:01 garbage
11/01/1970 08:52:15 garbage
11/01/1970 09:15:49 garbage
11/01/1970 09:34:20 ERROR
11/01/1970 09:42:45 garbage
11/01/1970 09:59:35 Event 1
11/01/1970 10:34:56 garbage
11/01/1970 10:38:18 garbage
11/01/1970 11:33:51 garbage
11/01/1970 11:54:03 garbage
11/01/1970 11:55:44 garbage
11/01/1970 12:27:43 garbage
11/01/1970 13:43:28 garbage
11/01/1970 13:56:56 garbage
11/01/1970 14:28:55 garbage
11/01/1970 15:02:35 garbage
11/01/1970 15:09:19 garbage
11/01/1970 15:14:22 Event 1
11/01/1970 15:48:02 garbage
11/01/1970 17:29:02 garbage
11/01/1970 17:30:43 garbage
11/01/1970 17:49:14 garbage
11/01/1970 18:01:01 garbage
11/01/1970 18:16:10 garbage
11/01/1970 19:31:55 garbage
11/01/1970 20:51:02 garbage
11/01/1970 22:03:25 garbage
11/01/1970 22:20:15 garbage
11/01/1970 22:26:59 Event 2
11/01/1970 22:53:55 garbage
11/01/1970 22:57:17 garbage
11/01/1970 23:49:28 garbage
11/01/1970 23:54:31 garbage
11/01/1970 23:56:12 garbage
12/01/1970 00:18:05 Event 2
12/01/1970 01:13:38 garbage
12/01/1970 01:22:03 garbage
12/01/1970 01:35:31 garbage
12/01/1970 01:40:34 garbage
12/01/1970 02:12:33 garbage
12/01/1970 02:14:14 garbage
12/01/1970 02:56:19 garbage
12/01/1970 02:59:41 garbage
12/01/1970 03:40:05 garbage
12/01/1970 03:45:08 garbage
12/01/1970 04:15:26 garbage
12/01/1970 04:49:06 garbage
12/01/1970 05:41:17 garbage
12/01/1970 05:54:45 garbage
12/01/1970 07:40:48 garbage
12/01/1970 07:57:38 garbage
12/01/1970 08:14:28 garbage
12/01/1970 10:03:53 garbage
12/01/1970 10:07:15 Event 2
12/01/1970 10:15:40 garbage
12/01/1970 10:44:17 garbage
12/01/1970 12:25:17 garbage
12/01/1970 12:30:20 garbage
12/01/1970 14:06:17 garbage
12/01/1970 14:07:58 garbage
12/01/1970 14:19:45 garbage
12/01/1970 15:00:09 garbage
12/01/1970 15:01:50 garbage
12/01/1970 15:13:37 garbage
12/01/1970 15:33:49 garbage
12/01/1970 16:26:00 garbage
12/01/1970 16:29:22 garbage